../Drivers/BSP/LCD/lcd.c:99:17:lcd_rd_data	8	static
../Drivers/BSP/LCD/lcd.c:55:6:lcd_wr_data	8	static
../Drivers/BSP/LCD/lcd.c:66:6:lcd_wr_regno	8	static
../Drivers/BSP/LCD/lcd_ex.c:38:6:lcd_ex_st7789_reginit	8	static
../Drivers/BSP/LCD/lcd_ex.c:136:6:lcd_ex_ili9341_reginit	8	static
../Drivers/BSP/LCD/lcd_ex.c:238:6:lcd_ex_nt35310_reginit	8	static
../Drivers/BSP/LCD/lcd_ex.c:924:6:lcd_ex_st7796_reginit	8	static
../Drivers/BSP/LCD/lcd_ex.c:1447:6:lcd_ex_ili9806_reginit	8	static
../Drivers/BSP/LCD/lcd_ex.c:1615:6:lcd_ex_ssd1963_reginit	8	static
../Drivers/BSP/LCD/lcd_ex.c:1028:6:lcd_ex_nt35510_reginit	40	static
../Drivers/BSP/LCD/lcd.c:78:6:lcd_write_reg	0	static
../Drivers/BSP/LCD/lcd.c:112:6:lcd_write_ram_prepare	0	static
../Drivers/BSP/LCD/lcd.c:170:6:lcd_display_on	0	static
../Drivers/BSP/LCD/lcd.c:187:6:lcd_display_off	0	static
../Drivers/BSP/LCD/lcd.c:204:6:lcd_set_cursor	24	static
../Drivers/BSP/LCD/lcd.c:122:10:lcd_read_point	8	static
../Drivers/BSP/LCD/lcd.c:265:6:lcd_scan_dir	8	static
../Drivers/BSP/LCD/lcd.c:425:6:lcd_draw_point	8	static
../Drivers/BSP/LCD/lcd.c:437:6:lcd_ssd_backlight_set	8	static
../Drivers/BSP/LCD/lcd.c:453:6:lcd_display_dir	4	static
../Drivers/BSP/LCD/lcd.c:543:6:lcd_set_window	48	static
../Drivers/BSP/LCD/lcd.c:854:6:lcd_clear	16	static
../Drivers/BSP/LCD/lcd.c:636:6:lcd_init	120	static
../Drivers/BSP/LCD/lcd.c:875:6:lcd_fill	32	static
../Drivers/BSP/LCD/lcd.c:899:6:lcd_color_fill	32	static
../Drivers/BSP/LCD/lcd.c:926:6:lcd_draw_line	56	static
../Drivers/BSP/LCD/lcd.c:1000:6:lcd_draw_hline	32	static
../Drivers/BSP/LCD/lcd.c:1017:6:lcd_draw_rectangle	32	static
../Drivers/BSP/LCD/lcd.c:1032:6:lcd_draw_circle	64	static
../Drivers/BSP/LCD/lcd.c:1073:6:lcd_fill_circle	56	static
../Drivers/BSP/LCD/lcd.c:1111:6:lcd_show_char	48	static
../Drivers/BSP/LCD/lcd.c:1206:6:lcd_show_num	64	static
../Drivers/BSP/LCD/lcd.c:1245:6:lcd_show_xnum	72	static
../Drivers/BSP/LCD/lcd.c:1289:6:lcd_show_string	56	static
