../Core/Src/main.c:87:6:initRingBuffer	4	static
../Core/Src/main.c:93:6:ringBufferAdd	24	static
../Core/Src/main.c:107:9:ringBufferGet	16	static
../Core/Src/main.c:119:10:ringBufferSize	4	static
../Core/Src/main.c:124:6:HAL_UART_RxCpltCallback	24	static
../Core/Src/main.c:133:6:processReceivedData	4	static
../Core/Src/main.c:144:5:main	112	static
../Core/Src/main.c:231:6:SystemClock_Config	88	static
../Core/Src/main.c:274:13:MX_USART1_UART_Init	8	static
../Core/Src/main.c:304:13:MX_GPIO_Init	16	static
../Core/Src/main.c:324:6:Error_Handler	4	static,ignoring_inline_asm
