../Drivers/CMSIS/Include/core_cm4.h:1939:34:__NVIC_SystemReset	4	static,ignoring_inline_asm
../Drivers/SYSTEM/sys/sys.c:33:6:sys_nvic_set_vector_table	16	static
../Drivers/SYSTEM/sys/sys.c:44:6:sys_wfi_set	4	static,ignoring_inline_asm
../Drivers/SYSTEM/sys/sys.c:54:6:sys_intx_disable	4	static,ignoring_inline_asm
../Drivers/SYSTEM/sys/sys.c:64:6:sys_intx_enable	4	static,ignoring_inline_asm
../Drivers/SYSTEM/sys/sys.c:75:6:sys_msr_msp	24	static,ignoring_inline_asm
../Drivers/SYSTEM/sys/sys.c:85:6:sys_standby	16	static
../Drivers/SYSTEM/sys/sys.c:96:6:sys_soft_reset	8	static
../Drivers/SYSTEM/sys/sys.c:124:9:sys_stm32_clock_init	104	static
